AR ram_example behavioral "//psf/home/Documents/UTP/Semestre 7/Electronica/Proyecto3/RAM/RAM_module.vhd" sub00/vhpl24 1367443531
EN m_estados NULL "//psf/home/Documents/UTP/Semestre 7/Electronica/Proyecto3/uart/RX.vhd" sub00/vhpl02 1367445051
EN serie_paralelo NULL "//psf/home/Documents/UTP/Semestre 7/Electronica/Proyecto3/uart/serie_paralelo.vhd" sub00/vhpl04 1367445053
AR serie_paralelo behavioral "//psf/home/Documents/UTP/Semestre 7/Electronica/Proyecto3/uart/serie_paralelo.vhd" sub00/vhpl05 1367445054
EN uar_ram NULL "C:/Users/Usuario UTP/Documents/labElec2/Proyecto3/uart/UAR_RAM.vhd" sub00/vhpl20 1367008075
AR div_fre general "//psf/home/Documents/UTP/Semestre 7/Electronica/Proyecto3/uart/Div_fre.vhd" sub00/vhpl13 1367445062
AR carga behavioral "//psf/home/Documents/UTP/Semestre 7/Electronica/Proyecto3/uart/Carga.vhd" sub00/vhpl09 1367445058
EN div_fre NULL "//psf/home/Documents/UTP/Semestre 7/Electronica/Proyecto3/uart/Div_fre.vhd" sub00/vhpl12 1367445061
EN cuentabits NULL "//psf/home/Documents/UTP/Semestre 7/Electronica/Proyecto3/uart/CuentaBits.vhd" sub00/vhpl00 1367445049
EN carga NULL "//psf/home/Documents/UTP/Semestre 7/Electronica/Proyecto3/uart/Carga.vhd" sub00/vhpl08 1367445057
AR control general "//psf/home/Documents/UTP/Semestre 7/Electronica/Proyecto3/uart/maquina_estados.vhd" sub00/vhpl07 1367445056
EN tx_module NULL "//psf/home/Documents/UTP/Semestre 7/Electronica/Proyecto3/uart/TX_module.vhd" sub00/vhpl14 1367445063
EN uart_ram NULL "//psf/home/Documents/UTP/Semestre 7/Electronica/Proyecto3/uart/UART_RAM.vhd" sub00/vhpl21 1367445071
AR rx_module behavioral "//psf/home/Documents/UTP/Semestre 7/Electronica/Proyecto3/uart/RX_module.vhd" sub00/vhpl17 1367445066
EN rx_module NULL "//psf/home/Documents/UTP/Semestre 7/Electronica/Proyecto3/uart/RX_module.vhd" sub00/vhpl16 1367445065
AR uart_ram behavioral "//psf/home/Documents/UTP/Semestre 7/Electronica/Proyecto3/uart/UART_RAM.vhd" sub00/vhpl22 1367445072
EN control NULL "//psf/home/Documents/UTP/Semestre 7/Electronica/Proyecto3/uart/maquina_estados.vhd" sub00/vhpl06 1367445055
EN ram_example NULL "//psf/home/Documents/UTP/Semestre 7/Electronica/Proyecto3/RAM/RAM_module.vhd" sub00/vhpl23 1367443530
AR ram behavioral "//psf/home/Documents/UTP/Semestre 7/Electronica/Proyecto3/RAM/RAM_module.vhd" sub00/vhpl26 1367445070
AR uart behavioral "//psf/home/Documents/UTP/Semestre 7/Electronica/Proyecto3/uart/UART.vhd" sub00/vhpl19 1367445068
EN mux NULL "//psf/home/Documents/UTP/Semestre 7/Electronica/Proyecto3/uart/Mux.vhd" sub00/vhpl10 1367445059
EN ram NULL "//psf/home/Documents/UTP/Semestre 7/Electronica/Proyecto3/RAM/RAM_module.vhd" sub00/vhpl25 1367445069
AR tx_module behavioral "//psf/home/Documents/UTP/Semestre 7/Electronica/Proyecto3/uart/TX_module.vhd" sub00/vhpl15 1367445064
EN uart NULL "//psf/home/Documents/UTP/Semestre 7/Electronica/Proyecto3/uart/UART.vhd" sub00/vhpl18 1367445067
AR mux general "//psf/home/Documents/UTP/Semestre 7/Electronica/Proyecto3/uart/Mux.vhd" sub00/vhpl11 1367445060
AR m_estados behavioral "//psf/home/Documents/UTP/Semestre 7/Electronica/Proyecto3/uart/RX.vhd" sub00/vhpl03 1367445052
AR cuentabits general "//psf/home/Documents/UTP/Semestre 7/Electronica/Proyecto3/uart/CuentaBits.vhd" sub00/vhpl01 1367445050
