V3 3
FL "C:/Users/Usuario UTP/Documents/labElec2/RAM/RAM_module.vhd" 2013/04/26.14:52:32 P.28xd
EN work/ram_example 1367005956 \
      FL "C:/Users/Usuario UTP/Documents/labElec2/RAM/RAM_module.vhd" \
      PB ieee/std_logic_1164 1341906176
AR work/ram_example/Behavioral 1367005957 \
      FL "C:/Users/Usuario UTP/Documents/labElec2/RAM/RAM_module.vhd" \
      EN work/ram_example 1367005956
