#-----------------------------------------------------------
# PlanAhead v12.1
# Build 61553 by hdbuild on Fri Apr 23 10:13:54 PDT 2010
# Start of session at: 9/26/12 9:24:53 PM
# Process ID: 2620
#-----------------------------------------------------------
source D:/Itachi/Box/uart/uart/uart/pa.fromHdl.tcl
# create_project -name uart -dir "D:/Itachi/Box/uart/uart/uart/planAhead_run_1" -part xc3s500efg320-4
# set_param project.pinAheadLayout yes
# set srcset [get_property srcset [current_run -impl]]
# set_property top UART $srcset
# set_param project.paUcfFile  "UART.ucf"
# set hdlfile [add_files [list {serie_paralelo.vhd}]]
# set_property file_type VHDL $hdlfile
# set_property library work $hdlfile
# set hdlfile [add_files [list {RX.vhd}]]
# set_property file_type VHDL $hdlfile
# set_property library work $hdlfile
# set hdlfile [add_files [list {Mux.vhd}]]
# set_property file_type VHDL $hdlfile
# set_property library work $hdlfile
# set hdlfile [add_files [list {maquina_estados.vhd}]]
# set_property file_type VHDL $hdlfile
# set_property library work $hdlfile
# set hdlfile [add_files [list {Div_fre.vhd}]]
# set_property file_type VHDL $hdlfile
# set_property library work $hdlfile
# set hdlfile [add_files [list {CuentaBits.vhd}]]
# set_property file_type VHDL $hdlfile
# set_property library work $hdlfile
# set hdlfile [add_files [list {Carga.vhd}]]
# set_property file_type VHDL $hdlfile
# set_property library work $hdlfile
# set hdlfile [add_files [list {TX_module.vhd}]]
# set_property file_type VHDL $hdlfile
# set_property library work $hdlfile
# set hdlfile [add_files [list {RX_module.vhd}]]
# set_property file_type VHDL $hdlfile
# set_property library work $hdlfile
# set hdlfile [add_files [list {UART.vhd}]]
# set_property file_type VHDL $hdlfile
# set_property library work $hdlfile
# add_files "UART.ucf" -fileset [get_property constrset [current_run]]
# open_rtl_design -part xc3s500efg320-4
#-----------------------------------------------------------
# End of session at: 9/26/12 9:26:29 PM
# Process ID: 2620
#-----------------------------------------------------------
